<html>
<body>
<pre>
<h1>µVision Build Log</h1>
<h2>Project:</h2>
H:\Users\student\Desktop\Student\G Stankiewicz\Stankiewicz\current\Servo\servo.uvproj
Project File Date:  12/02/2013

<h2>Output:</h2>
Rebuild target 'Target 1'
assembling Startup.s...
compiling main.c...
compiling led.c...
compiling timer_interrupts.c...
compiling keyboard.c...
compiling servo.c...
linking...
Program Size: Code=1896 RO-data=32 RW-data=16 ZI-data=1256  
FromELF: creating hex file...
".\przerwania.axf" - 0 Errors, 0 Warning(s).
Load "H:\\Users\\student\\Desktop\\Student\\G Stankiewicz\\Stankiewicz\\current\\Servo\\przerwania.axf" 
Internal DLL Error
Rebuild target 'Target 1'
assembling Startup.s...
compiling main.c...
compiling led.c...
compiling timer_interrupts.c...
compiling keyboard.c...
compiling servo.c...
linking...
Program Size: Code=1948 RO-data=32 RW-data=16 ZI-data=1272  
FromELF: creating hex file...
".\przerwania.axf" - 0 Errors, 0 Warning(s).
Rebuild target 'Target 1'
assembling Startup.s...
compiling main.c...
compiling led.c...
compiling timer_interrupts.c...
compiling keyboard.c...
compiling servo.c...
linking...
Program Size: Code=1960 RO-data=32 RW-data=16 ZI-data=1272  
FromELF: creating hex file...
".\przerwania.axf" - 0 Errors, 0 Warning(s).
Rebuild target 'Target 1'
assembling Startup.s...
compiling main.c...
main.c(81): warning:  #223-D: function "Wait" declared implicitly
compiling led.c...
compiling timer_interrupts.c...
compiling keyboard.c...
compiling servo.c...
linking...
.\przerwania.axf: Error: L6218E: Undefined symbol Wait (referred from main.o).
".\przerwania.axf" - 1 Errors, 1 Warning(s).
Target not created
Rebuild target 'Target 1'
assembling Startup.s...
compiling main.c...
compiling led.c...
compiling timer_interrupts.c...
compiling keyboard.c...
compiling servo.c...
linking...
Program Size: Code=1960 RO-data=32 RW-data=16 ZI-data=1272  
FromELF: creating hex file...
".\przerwania.axf" - 0 Errors, 0 Warning(s).
Load "H:\\Users\\student\\Desktop\\Student\\G Stankiewicz\\Stankiewicz\\current\\Servo\\przerwania.axf" 
Internal DLL Error
Rebuild target 'Target 1'
assembling Startup.s...
compiling main.c...
compiling led.c...
compiling timer_interrupts.c...
compiling keyboard.c...
compiling servo.c...
linking...
Program Size: Code=2056 RO-data=32 RW-data=16 ZI-data=1272  
FromELF: creating hex file...
".\przerwania.axf" - 0 Errors, 0 Warning(s).
Rebuild target 'Target 1'
assembling Startup.s...
compiling main.c...
compiling led.c...
compiling timer_interrupts.c...
compiling keyboard.c...
compiling servo.c...
linking...
Program Size: Code=2056 RO-data=32 RW-data=16 ZI-data=1272  
FromELF: creating hex file...
".\przerwania.axf" - 0 Errors, 0 Warning(s).
Rebuild target 'Target 1'
assembling Startup.s...
compiling main.c...
compiling led.c...
compiling timer_interrupts.c...
compiling keyboard.c...
compiling servo.c...
linking...
Program Size: Code=2056 RO-data=32 RW-data=16 ZI-data=1272  
FromELF: creating hex file...
".\servo.axf" - 0 Errors, 0 Warning(s).
Rebuild target 'Target 1'
assembling Startup.s...
compiling main.c...
compiling led.c...
compiling timer_interrupts.c...
compiling keyboard.c...
compiling servo.c...
linking...
Program Size: Code=2056 RO-data=32 RW-data=16 ZI-data=1272  
FromELF: creating hex file...
".\servo.axf" - 0 Errors, 0 Warning(s).
Load "H:\\Users\\student\\Desktop\\Student\\G Stankiewicz\\Stankiewicz\\current\\Servo\\servo.axf" 
Internal DLL Error
Build target 'Target 1'
compiling main.c...
linking...
Program Size: Code=2060 RO-data=32 RW-data=16 ZI-data=1272  
FromELF: creating hex file...
".\servo.axf" - 0 Errors, 0 Warning(s).
Rebuild target 'Target 1'
assembling Startup.s...
compiling main.c...
compiling led.c...
compiling timer_interrupts.c...
compiling keyboard.c...
compiling servo.c...
linking...
Program Size: Code=2060 RO-data=32 RW-data=16 ZI-data=1272  
FromELF: creating hex file...
".\servo.axf" - 0 Errors, 0 Warning(s).
Rebuild target 'Target 1'
assembling Startup.s...
compiling main.c...
compiling led.c...
compiling timer_interrupts.c...
compiling keyboard.c...
compiling servo.c...
linking...
Program Size: Code=2060 RO-data=32 RW-data=16 ZI-data=1272  
FromELF: creating hex file...
".\servo.axf" - 0 Errors, 0 Warning(s).
Rebuild target 'Target 1'
assembling Startup.s...
compiling main.c...
compiling led.c...
compiling timer_interrupts.c...
compiling keyboard.c...
compiling servo.c...
linking...
Program Size: Code=2056 RO-data=32 RW-data=16 ZI-data=1272  
FromELF: creating hex file...
".\servo.axf" - 0 Errors, 0 Warning(s).
Rebuild target 'Target 1'
assembling Startup.s...
compiling main.c...
compiling led.c...
compiling timer_interrupts.c...
compiling keyboard.c...
compiling servo.c...
servo.h(3): error:  #101: "DetectorStan" has already been declared in the current scope
servo.h(3): error:  #101: "ACTIVE" has already been declared in the current scope
servo.h(3): error:  #101: "INACTIVE" has already been declared in the current scope
servo.h(6): error:  #147-D: declaration is incompatible with "enum DetectorStan eReadDetector(void)" (declared at line 6)
".\servo.axf" - 4 Errors, 0 Warning(s).
Target not created
Rebuild target 'Target 1'
assembling Startup.s...
compiling main.c...
main.c(28): warning:  #223-D: function "eReadDetector" declared implicitly
compiling led.c...
compiling timer_interrupts.c...
compiling keyboard.c...
compiling servo.c...
servo.h(3): error:  #101: "DetectorStan" has already been declared in the current scope
servo.h(3): error:  #101: "ACTIVE" has already been declared in the current scope
servo.h(3): error:  #101: "INACTIVE" has already been declared in the current scope
".\servo.axf" - 3 Errors, 1 Warning(s).
Target not created
Rebuild target 'Target 1'
assembling Startup.s...
compiling main.c...
main.c(28): warning:  #223-D: function "eReadDetector" declared implicitly
compiling led.c...
compiling timer_interrupts.c...
compiling keyboard.c...
compiling servo.c...
linking...
Program Size: Code=2048 RO-data=32 RW-data=16 ZI-data=1272  
FromELF: creating hex file...
".\servo.axf" - 0 Errors, 1 Warning(s).
Rebuild target 'Target 1'
assembling Startup.s...
compiling main.c...
compiling led.c...
compiling timer_interrupts.c...
compiling keyboard.c...
compiling servo.c...
linking...
Program Size: Code=2048 RO-data=32 RW-data=16 ZI-data=1272  
FromELF: creating hex file...
".\servo.axf" - 0 Errors, 0 Warning(s).
Rebuild target 'Target 1'
assembling Startup.s...
compiling main.c...
compiling led.c...
compiling timer_interrupts.c...
compiling keyboard.c...
compiling servo.c...
linking...
Program Size: Code=2048 RO-data=32 RW-data=16 ZI-data=1272  
FromELF: creating hex file...
".\servo.axf" - 0 Errors, 0 Warning(s).
Load "H:\\Users\\student\\Desktop\\Student\\G Stankiewicz\\Stankiewicz\\current\\Servo\\servo.axf" 
Internal DLL Error
Rebuild target 'Target 1'
assembling Startup.s...
compiling main.c...
compiling led.c...
compiling timer_interrupts.c...
compiling keyboard.c...
compiling servo.c...
linking...
Program Size: Code=2048 RO-data=32 RW-data=16 ZI-data=1272  
FromELF: creating hex file...
".\servo.axf" - 0 Errors, 0 Warning(s).
Rebuild target 'Target 1'
assembling Startup.s...
compiling main.c...
compiling led.c...
compiling timer_interrupts.c...
compiling keyboard.c...
compiling servo.c...
linking...
Program Size: Code=2048 RO-data=32 RW-data=16 ZI-data=1272  
FromELF: creating hex file...
".\servo.axf" - 0 Errors, 0 Warning(s).
Rebuild target 'Target 1'
assembling Startup.s...
compiling main.c...
main.c(77): warning:  #223-D: function "Servo_init" declared implicitly
main.c(77): error:  #29: expected an expression
main.c(78): error:  #65: expected a ";"
compiling led.c...
compiling timer_interrupts.c...
compiling keyboard.c...
compiling servo.c...
".\servo.axf" - 2 Errors, 1 Warning(s).
Target not created
Rebuild target 'Target 1'
assembling Startup.s...
compiling main.c...
compiling led.c...
compiling timer_interrupts.c...
compiling keyboard.c...
compiling servo.c...
linking...
Program Size: Code=2052 RO-data=32 RW-data=16 ZI-data=1272  
FromELF: creating hex file...
".\servo.axf" - 0 Errors, 0 Warning(s).
Rebuild target 'Target 1'
assembling Startup.s...
compiling main.c...
compiling led.c...
compiling timer_interrupts.c...
compiling keyboard.c...
compiling servo.c...
linking...
Program Size: Code=2060 RO-data=32 RW-data=16 ZI-data=1272  
FromELF: creating hex file...
".\servo.axf" - 0 Errors, 0 Warning(s).
Rebuild target 'Target 1'
assembling Startup.s...
compiling main.c...
compiling led.c...
compiling timer_interrupts.c...
compiling keyboard.c...
compiling servo.c...
linking...
.\servo.axf: Error: L6218E: Undefined symbol Servo_Init (referred from main.o).
".\servo.axf" - 1 Errors, 0 Warning(s).
Target not created
Rebuild target 'Target 1'
assembling Startup.s...
compiling main.c...
compiling led.c...
compiling timer_interrupts.c...
compiling keyboard.c...
compiling servo.c...
linking...
.\servo.axf: Error: L6218E: Undefined symbol Servo_Init (referred from main.o).
".\servo.axf" - 1 Errors, 0 Warning(s).
Target not created
Rebuild target 'Target 1'
assembling Startup.s...
compiling main.c...
compiling led.c...
compiling timer_interrupts.c...
compiling keyboard.c...
compiling servo.c...
linking...
.\servo.axf: Error: L6218E: Undefined symbol Servo_Init (referred from main.o).
".\servo.axf" - 1 Errors, 0 Warning(s).
Target not created
Rebuild target 'Target 1'
assembling Startup.s...
compiling main.c...
compiling led.c...
compiling timer_interrupts.c...
compiling keyboard.c...
compiling servo.c...
linking...
Program Size: Code=2060 RO-data=32 RW-data=16 ZI-data=1272  
FromELF: creating hex file...
".\servo.axf" - 0 Errors, 0 Warning(s).
Rebuild target 'Target 1'
assembling Startup.s...
compiling main.c...
compiling led.c...
compiling timer_interrupts.c...
compiling keyboard.c...
compiling servo.c...
linking...
Program Size: Code=2060 RO-data=32 RW-data=16 ZI-data=1272  
FromELF: creating hex file...
".\servo.axf" - 0 Errors, 0 Warning(s).
Rebuild target 'Target 1'
assembling Startup.s...
compiling main.c...
compiling led.c...
compiling timer_interrupts.c...
compiling keyboard.c...
compiling servo.c...
linking...
.\servo.axf: Error: L6218E: Undefined symbol Servo_Init (referred from main.o).
".\servo.axf" - 1 Errors, 0 Warning(s).
Target not created
