<html>
<body>
<pre>
<h1>µVision Build Log</h1>
<h2>Project:</h2>
H:\Users\student\Desktop\Student\G Stankiewicz\Stankiewicz\current\Servo\servo.uvproj
Project File Date:  11/06/2014

<h2>Output:</h2>
Rebuild target 'Target 1'
assembling Startup.s...
compiling main.c...
compiling led.c...
compiling timer_interrupts.c...
compiling keyboard.c...
compiling servo.c...
servo.c(50): error:  #147-D: declaration is incompatible with "void Servo_GoTo(unsigned int)" (declared at line 3 of "servo.h")
servo.c(106): error:  #247: function "Servo_GoTo" has already been defined
servo.c(109): warning:  #1-D: last line of file ends without a newline
".\servo.axf" - 2 Errors, 1 Warning(s).
Target not created
Rebuild target 'Target 1'
assembling Startup.s...
compiling main.c...
compiling led.c...
compiling timer_interrupts.c...
compiling keyboard.c...
compiling servo.c...
servo.c(106): warning:  #1-D: last line of file ends without a newline
linking...
Program Size: Code=2092 RO-data=32 RW-data=16 ZI-data=1272  
FromELF: creating hex file...
".\servo.axf" - 0 Errors, 1 Warning(s).
Rebuild target 'Target 1'
assembling Startup.s...
compiling main.c...
compiling led.c...
compiling timer_interrupts.c...
compiling keyboard.c...
compiling servo.c...
linking...
Program Size: Code=2092 RO-data=32 RW-data=16 ZI-data=1272  
FromELF: creating hex file...
".\servo.axf" - 0 Errors, 0 Warning(s).
Rebuild target 'Target 1'
assembling Startup.s...
compiling main.c...
compiling led.c...
compiling timer_interrupts.c...
compiling keyboard.c...
compiling servo.c...
linking...
Program Size: Code=2092 RO-data=32 RW-data=16 ZI-data=1272  
FromELF: creating hex file...
".\servo.axf" - 0 Errors, 0 Warning(s).
Rebuild target 'Target 1'
assembling Startup.s...
compiling main.c...
compiling led.c...
compiling timer_interrupts.c...
compiling keyboard.c...
compiling servo.c...
linking...
Program Size: Code=2092 RO-data=32 RW-data=16 ZI-data=1272  
FromELF: creating hex file...
".\servo.axf" - 0 Errors, 0 Warning(s).
Rebuild target 'Target 1'
assembling Startup.s...
compiling main.c...
compiling led.c...
compiling timer_interrupts.c...
compiling keyboard.c...
compiling servo.c...
servo.c(40): warning:  #223-D: function "Timer1Interrupts_Init" declared implicitly
linking...
Program Size: Code=2092 RO-data=32 RW-data=16 ZI-data=1272  
FromELF: creating hex file...
".\servo.axf" - 0 Errors, 1 Warning(s).
Rebuild target 'Target 1'
assembling Startup.s...
compiling main.c...
compiling led.c...
compiling timer_interrupts.c...
compiling keyboard.c...
compiling servo.c...
linking...
Program Size: Code=2092 RO-data=32 RW-data=16 ZI-data=1272  
FromELF: creating hex file...
".\servo.axf" - 0 Errors, 0 Warning(s).
Rebuild target 'Target 1'
assembling Startup.s...
compiling main.c...
compiling led.c...
compiling timer_interrupts.c...
compiling keyboard.c...
compiling servo.c...
linking...
.\servo.axf: Error: L6200E: Symbol sServo multiply defined (by servo.o and main.o).
.\servo.axf: Error: L6200E: Symbol eServoState multiply defined (by servo.o and main.o).
".\servo.axf" - 2 Errors, 0 Warning(s).
Target not created
Rebuild target 'Target 1'
assembling Startup.s...
compiling main.c...
compiling led.c...
compiling timer_interrupts.c...
compiling keyboard.c...
compiling servo.c...
linking...
Program Size: Code=2092 RO-data=32 RW-data=16 ZI-data=1272  
FromELF: creating hex file...
".\servo.axf" - 0 Errors, 0 Warning(s).
Rebuild target 'Target 1'
assembling Startup.s...
compiling main.c...
compiling led.c...
compiling timer_interrupts.c...
compiling keyboard.c...
compiling servo.c...
linking...
Program Size: Code=2092 RO-data=32 RW-data=16 ZI-data=1272  
FromELF: creating hex file...
".\servo.axf" - 0 Errors, 0 Warning(s).
