<html>
<body>
<pre>
<h1>µVision Build Log</h1>
<h2>Project:</h2>
D:\Elektrotechnika\semestr 7\ARM\archive\Automaty\Automaty.uvproj
Project File Date:  11/05/2013

<h2>Output:</h2>
Rebuild target 'Target 1'
assembling Startup.s...
compiling main.c...
compiling led.c...
compiling keyboard.c...
linking...
Program Size: Code=1604 RO-data=32 RW-data=8 ZI-data=1256  
FromELF: creating hex file...
".\Automaty.axf" - 0 Errors, 0 Warning(s).
Rebuild target 'Target 1'
assembling Startup.s...
compiling main.c...
compiling led.c...
compiling keyboard.c...
compiling lancuchy_konwersje.c...
linking...
Program Size: Code=1604 RO-data=32 RW-data=8 ZI-data=1256  
FromELF: creating hex file...
".\Automaty.axf" - 0 Errors, 0 Warning(s).
